11:51:14 **** Incremental Build of configuration Debug for project ADC ****
make all 
Building file: ../src/main.c
Invoking: MCU GCC Compiler
C:\Users\MarcinS\workspace\ADC\Debug
arm-none-eabi-gcc -mcpu=cortex-m4 -mthumb -mfloat-abi=hard -mfpu=fpv4-sp-d16 -DSTM32 -DSTM32F4 -DSTM32F407VGTx -DSTM32F4DISCOVERY -DDEBUG -DSTM32F40XX -DSTM32F40_41xxx -DUSE_STDPERIPH_DRIVER -I"C:/Users/MarcinS/workspace/ADC/Utilities" -I"C:/Users/MarcinS/workspace/ADC/StdPeriph_Driver/inc" -I"C:/Users/MarcinS/workspace/ADC/inc" -I"C:/Users/MarcinS/workspace/ADC/CMSIS/device" -I"C:/Users/MarcinS/workspace/ADC/CMSIS/core" -O0 -g3 -Wall -fmessage-length=0 -ffunction-sections -c -MMD -MP -MF"src/main.d" -MT"src/main.o" -o "src/main.o" "../src/main.c"
In file included from C:/Users/MarcinS/workspace/ADC/CMSIS/device/stm32f4xx.h:245:0,
                 from ../src/main.c:12:
C:/Users/MarcinS/workspace/ADC/CMSIS/core/core_cm4.h:131:8: warning: #warning "Compiler generates FPU instructions for a device without an FPU (check __FPU_PRESENT)" [-Wcpp]
       #warning "Compiler generates FPU instructions for a device without an FPU (check __FPU_PRESENT)"
        ^~~~~~~
Finished building: ../src/main.c
 
Building target: ADC.elf
Invoking: MCU GCC Linker
arm-none-eabi-gcc -mcpu=cortex-m4 -mthumb -mfloat-abi=hard -mfpu=fpv4-sp-d16 -T"C:\Users\MarcinS\workspace\ADC\LinkerScript.ld" -Wl,-Map=output.map -Wl,--gc-sections -o "ADC.elf" @"objects.list"   -lm
Finished building target: ADC.elf
 
make --no-print-directory post-build
Generating binary and Printing size information:
arm-none-eabi-objcopy -O binary "ADC.elf" "ADC.bin"
arm-none-eabi-size "ADC.elf"
   text	   data	    bss	    dec	    hex	filename
   5100	   1080	   1128	   7308	   1c8c	ADC.elf
 

11:51:17 Build Finished (took 2s.160ms)

