19:04:32 **** Incremental Build of configuration Debug for project EXTI ****
make all 
Building file: ../src/main.c
Invoking: MCU GCC Compiler
C:\Users\MarcinS\workspace\EXTI\Debug
arm-none-eabi-gcc -mcpu=cortex-m4 -mthumb -mfloat-abi=hard -mfpu=fpv4-sp-d16 -DSTM32 -DSTM32F4 -DSTM32F407VGTx -DSTM32F4DISCOVERY -DDEBUG -DSTM32F40XX -DSTM32F40_41xxx -DUSE_STDPERIPH_DRIVER -I"C:/Users/MarcinS/workspace/EXTI/Utilities" -I"C:/Users/MarcinS/workspace/EXTI/StdPeriph_Driver/inc" -I"C:/Users/MarcinS/workspace/EXTI/inc" -I"C:/Users/MarcinS/workspace/EXTI/CMSIS/device" -I"C:/Users/MarcinS/workspace/EXTI/CMSIS/core" -O0 -g3 -Wall -fmessage-length=0 -ffunction-sections -c -MMD -MP -MF"src/main.d" -MT"src/main.o" -o "src/main.o" "../src/main.c"
Finished building: ../src/main.c
 
Building target: EXTI.elf
Invoking: MCU GCC Linker
arm-none-eabi-gcc -mcpu=cortex-m4 -mthumb -mfloat-abi=hard -mfpu=fpv4-sp-d16 -T"C:\Users\MarcinS\workspace\EXTI\LinkerScript.ld" -Wl,-Map=output.map -Wl,--gc-sections -o "EXTI.elf" @"objects.list"   -lm
Finished building target: EXTI.elf
 
make --no-print-directory post-build
Generating binary and Printing size information:
arm-none-eabi-objcopy -O binary "EXTI.elf" "EXTI.bin"
arm-none-eabi-size "EXTI.elf"
   text	   data	    bss	    dec	    hex	filename
   3668	   1080	   1092	   5840	   16d0	EXTI.elf
 

19:04:34 Build Finished (took 1s.797ms)

