23:27:00 **** Incremental Build of configuration Debug for project GPIO ****
make all 
Building file: ../src/main.c
Invoking: MCU GCC Compiler
C:\Users\MarcinS\workspace\GPIO\Debug
arm-none-eabi-gcc -mcpu=cortex-m4 -mthumb -mfloat-abi=hard -mfpu=fpv4-sp-d16 -DSTM32 -DSTM32F4 -DSTM32F407VGTx -DSTM32F4DISCOVERY -DDEBUG -DSTM32F40XX -DSTM32F40_41xxx -DUSE_STDPERIPH_DRIVER -I"C:/Users/MarcinS/workspace/GPIO/Utilities" -I"C:/Users/MarcinS/workspace/GPIO/StdPeriph_Driver/inc" -I"C:/Users/MarcinS/workspace/GPIO/inc" -I"C:/Users/MarcinS/workspace/GPIO/CMSIS/device" -I"C:/Users/MarcinS/workspace/GPIO/CMSIS/core" -O0 -g3 -Wall -fmessage-length=0 -ffunction-sections -c -MMD -MP -MF"src/main.d" -MT"src/main.o" -o "src/main.o" "../src/main.c"
Finished building: ../src/main.c
 
Building target: GPIO.elf
Invoking: MCU GCC Linker
arm-none-eabi-gcc -mcpu=cortex-m4 -mthumb -mfloat-abi=hard -mfpu=fpv4-sp-d16 -T"C:\Users\MarcinS\workspace\GPIO\LinkerScript.ld" -Wl,-Map=output.map -Wl,--gc-sections -o "GPIO.elf" @"objects.list"   -lm
Finished building target: GPIO.elf
 
make --no-print-directory post-build
Generating binary and Printing size information:
arm-none-eabi-objcopy -O binary "GPIO.elf" "GPIO.bin"
arm-none-eabi-size "GPIO.elf"
   text	   data	    bss	    dec	    hex	filename
   2080	   1080	   1092	   4252	   109c	GPIO.elf
 

23:27:02 Build Finished (took 2s.857ms)

