21:54:51 **** Incremental Build of configuration Debug for project powt ****
make all 
Building file: ../src/main.c
Invoking: MCU GCC Compiler
C:\Users\MarcinS\workspace\powt\Debug
arm-none-eabi-gcc -mcpu=cortex-m4 -mthumb -mfloat-abi=hard -mfpu=fpv4-sp-d16 -DSTM32 -DSTM32F4 -DSTM32F407VGTx -DSTM32F4DISCOVERY -DDEBUG -DSTM32F40XX -DSTM32F40_41xxx -DUSE_STDPERIPH_DRIVER -I"C:/Users/MarcinS/workspace/powt/Utilities" -I"C:/Users/MarcinS/workspace/powt/StdPeriph_Driver/inc" -I"C:/Users/MarcinS/workspace/powt/inc" -I"C:/Users/MarcinS/workspace/powt/CMSIS/device" -I"C:/Users/MarcinS/workspace/powt/CMSIS/core" -O0 -g3 -Wall -fmessage-length=0 -ffunction-sections -c -MMD -MP -MF"src/main.d" -MT"src/main.o" -o "src/main.o" "../src/main.c"
Finished building: ../src/main.c
 
Building target: powt.elf
Invoking: MCU GCC Linker
arm-none-eabi-gcc -mcpu=cortex-m4 -mthumb -mfloat-abi=hard -mfpu=fpv4-sp-d16 -T"C:\Users\MarcinS\workspace\powt\LinkerScript.ld" -Wl,-Map=output.map -Wl,--gc-sections -o "powt.elf" @"objects.list"   -lm
Finished building target: powt.elf
 
make --no-print-directory post-build
Generating binary and Printing size information:
arm-none-eabi-objcopy -O binary "powt.elf" "powt.bin"
arm-none-eabi-size "powt.elf"
   text	   data	    bss	    dec	    hex	filename
   3852	   1080	   1092	   6024	   1788	powt.elf
 

21:54:53 Build Finished (took 1s.937ms)

