22:31:37 **** Incremental Build of configuration Debug for project PWM ****
make all 
Building file: ../src/main.c
Invoking: MCU GCC Compiler
C:\Users\MarcinS\workspace\PWM\Debug
arm-none-eabi-gcc -mcpu=cortex-m4 -mthumb -mfloat-abi=hard -mfpu=fpv4-sp-d16 -DSTM32 -DSTM32F4 -DSTM32F407VGTx -DSTM32F4DISCOVERY -DDEBUG -DSTM32F40XX -DSTM32F40_41xxx -DUSE_STDPERIPH_DRIVER -I"C:/Users/MarcinS/workspace/PWM/Utilities" -I"C:/Users/MarcinS/workspace/PWM/StdPeriph_Driver/inc" -I"C:/Users/MarcinS/workspace/PWM/inc" -I"C:/Users/MarcinS/workspace/PWM/CMSIS/device" -I"C:/Users/MarcinS/workspace/PWM/CMSIS/core" -O0 -g3 -Wall -fmessage-length=0 -ffunction-sections -c -MMD -MP -MF"src/main.d" -MT"src/main.o" -o "src/main.o" "../src/main.c"
Finished building: ../src/main.c
 
Building target: PWM.elf
Invoking: MCU GCC Linker
arm-none-eabi-gcc -mcpu=cortex-m4 -mthumb -mfloat-abi=hard -mfpu=fpv4-sp-d16 -T"C:\Users\MarcinS\workspace\PWM\LinkerScript.ld" -Wl,-Map=output.map -Wl,--gc-sections -o "PWM.elf" @"objects.list"   -lm
Finished building target: PWM.elf
 
make --no-print-directory post-build
Generating binary and Printing size information:
arm-none-eabi-objcopy -O binary "PWM.elf" "PWM.bin"
arm-none-eabi-size "PWM.elf"
   text	   data	    bss	    dec	    hex	filename
   3488	   1080	   1092	   5660	   161c	PWM.elf
 

22:31:39 Build Finished (took 1s.734ms)

