10:21:04 **** Incremental Build of configuration Debug for project SPI ****
make all 
Building file: ../src/main.c
Invoking: MCU GCC Compiler
C:\Users\MarcinS\workspace\SPI\Debug
arm-none-eabi-gcc -mcpu=cortex-m4 -mthumb -mfloat-abi=hard -mfpu=fpv4-sp-d16 -DSTM32 -DSTM32F4 -DSTM32F407VGTx -DSTM32F4DISCOVERY -DDEBUG -DSTM32F40XX -DSTM32F40_41xxx -DUSE_STDPERIPH_DRIVER -I"C:/Users/MarcinS/workspace/SPI/Utilities" -I"C:/Users/MarcinS/workspace/SPI/StdPeriph_Driver/inc" -I"C:/Users/MarcinS/workspace/SPI/inc" -I"C:/Users/MarcinS/workspace/SPI/CMSIS/device" -I"C:/Users/MarcinS/workspace/SPI/CMSIS/core" -O0 -g3 -Wall -fmessage-length=0 -ffunction-sections -c -MMD -MP -MF"src/main.d" -MT"src/main.o" -o "src/main.o" "../src/main.c"
../src/main.c: In function 'main':
../src/main.c:69:31: warning: variable 'IMU_Type' set but not used [-Wunused-but-set-variable]
  TM_LIS302DL_LIS3DSH_Device_t IMU_Type;
                               ^~~~~~~~
Finished building: ../src/main.c
 
Building target: SPI.elf
Invoking: MCU GCC Linker
arm-none-eabi-gcc -mcpu=cortex-m4 -mthumb -mfloat-abi=hard -mfpu=fpv4-sp-d16 -T"C:\Users\MarcinS\workspace\SPI\LinkerScript.ld" -Wl,-Map=output.map -Wl,--gc-sections -o "SPI.elf" @"objects.list"   -lm
Finished building target: SPI.elf
 
make --no-print-directory post-build
Generating binary and Printing size information:
arm-none-eabi-objcopy -O binary "SPI.elf" "SPI.bin"
arm-none-eabi-size "SPI.elf"
   text	   data	    bss	    dec	    hex	filename
   6332	   1080	   1108	   8520	   2148	SPI.elf
 

10:21:06 Build Finished (took 2s.453ms)

