19:13:23 **** Incremental Build of configuration Debug for project TIM_PWM ****
make all 
Building file: ../src/main.c
Invoking: MCU GCC Compiler
C:\Users\MarcinS\workspace\TIM_PWM\Debug
arm-none-eabi-gcc -mcpu=cortex-m4 -mthumb -mfloat-abi=hard -mfpu=fpv4-sp-d16 -DSTM32 -DSTM32F4 -DSTM32F407VGTx -DSTM32F4DISCOVERY -DDEBUG -DSTM32F40XX -DSTM32F40_41xxx -DUSE_STDPERIPH_DRIVER -I"C:/Users/MarcinS/workspace/TIM_PWM/Utilities" -I"C:/Users/MarcinS/workspace/TIM_PWM/StdPeriph_Driver/inc" -I"C:/Users/MarcinS/workspace/TIM_PWM/inc" -I"C:/Users/MarcinS/workspace/TIM_PWM/CMSIS/device" -I"C:/Users/MarcinS/workspace/TIM_PWM/CMSIS/core" -O0 -g3 -Wall -fmessage-length=0 -ffunction-sections -c -MMD -MP -MF"src/main.d" -MT"src/main.o" -o "src/main.o" "../src/main.c"
Finished building: ../src/main.c
 
Building target: TIM_PWM.elf
Invoking: MCU GCC Linker
arm-none-eabi-gcc -mcpu=cortex-m4 -mthumb -mfloat-abi=hard -mfpu=fpv4-sp-d16 -T"C:\Users\MarcinS\workspace\TIM_PWM\LinkerScript.ld" -Wl,-Map=output.map -Wl,--gc-sections -o "TIM_PWM.elf" @"objects.list"   -lm
Finished building target: TIM_PWM.elf
 
make --no-print-directory post-build
Generating binary and Printing size information:
arm-none-eabi-objcopy -O binary "TIM_PWM.elf" "TIM_PWM.bin"
arm-none-eabi-size "TIM_PWM.elf"
   text	   data	    bss	    dec	    hex	filename
   2692	   1080	   1092	   4864	   1300	TIM_PWM.elf
 

19:13:25 Build Finished (took 1s.812ms)

