10:40:16 **** Incremental Build of configuration Debug for project USART_3 ****
make all 
Building file: ../src/main.c
Invoking: MCU GCC Compiler
C:\Users\MarcinS\workspace\USART_3\Debug
arm-none-eabi-gcc -mcpu=cortex-m4 -mthumb -mfloat-abi=hard -mfpu=fpv4-sp-d16 -DSTM32 -DSTM32F4 -DSTM32F407VGTx -DSTM32F4DISCOVERY -DDEBUG -DSTM32F40XX -DSTM32F40_41xxx -DUSE_STDPERIPH_DRIVER -I"C:/Users/MarcinS/workspace/USART_3/Utilities" -I"C:/Users/MarcinS/workspace/USART_3/StdPeriph_Driver/inc" -I"C:/Users/MarcinS/workspace/USART_3/inc" -I"C:/Users/MarcinS/workspace/USART_3/CMSIS/device" -I"C:/Users/MarcinS/workspace/USART_3/CMSIS/core" -O0 -g3 -Wall -fmessage-length=0 -ffunction-sections -c -MMD -MP -MF"src/main.d" -MT"src/main.o" -o "src/main.o" "../src/main.c"
Finished building: ../src/main.c
 
Building target: USART_3.elf
Invoking: MCU GCC Linker
arm-none-eabi-gcc -mcpu=cortex-m4 -mthumb -mfloat-abi=hard -mfpu=fpv4-sp-d16 -T"C:\Users\MarcinS\workspace\USART_3\LinkerScript.ld" -Wl,-Map=output.map -Wl,--gc-sections -o "USART_3.elf" @"objects.list"   -lm
Finished building target: USART_3.elf
 
make --no-print-directory post-build
Generating binary and Printing size information:
arm-none-eabi-objcopy -O binary "USART_3.elf" "USART_3.bin"
arm-none-eabi-size "USART_3.elf"
   text	   data	    bss	    dec	    hex	filename
   3852	   1096	   1092	   6040	   1798	USART_3.elf
 

10:40:18 Build Finished (took 2s.312ms)

